`Seed / IT / Pre-revenue condition` = false
`Series A / IT / Pre-profit condition` = false
`has_ESG condition` = true
`overall choice` = true
result = 'interesting
'interesting
